Microchip MPLAB XC8 Compiler V2.36

Linker command line:

-W-3 --edf=C:\Program Files\Microchip\xc8\v2.36\pic\dat\en_msgs.txt -cn \
  -h+dist/default/production\teste.X.production.sym \
  --cmf=dist/default/production\teste.X.production.cmf -z -Q16F628A \
  -oC:\Users\lucas\AppData\Local\Temp\xcAsve4.4 --defsym=__MPLAB_BUILD=1 \
  -Mdist/default/production/teste.X.production.map \
  --md=C:\Users\lucas\AppData\Local\Temp\xcAsve4.dat -E1 -ver=XC8 Compiler \
  --acfsm=1493 -ACODE=00h-07FFh -ASTRCODE=00h-07FFh -ASTRING=00h-0FFhx8 \
  -ACONST=00h-0FFhx8 -AENTRY=00h-0FFhx8 -ACOMMON=070h-07Fh \
  -ABANK0=020h-06Fh -ABANK1=0A0h-0EFh -ABANK2=0120h-014Fh \
  -ARAM=020h-06Fh,0A0h-0EFh,0120h-014Fh \
  -AABS1=020h-07Fh,0A0h-0EFh,0120h-014Fh -ASFR0=00h-01Fh -ASFR1=080h-09Fh \
  -ASFR2=0100h-011Fh -ASFR3=0180h-01EFh -ACONFIG=02007h-02007h -DCONFIG=2 \
  -AIDLOC=02000h-02003h -DIDLOC=2 -AEEDATA=00h-07Fh/02100h \
  -peeprom_data=EEDATA -DEEDATA=2 -DCODE=2 -DSTRCODE=2 -DSTRING=2 -DCONST=2 \
  -DENTRY=2 -preset_vec=00h,intentry=04h,init,end_init -ppowerup=CODE \
  -pcinit=CODE -pfunctab=ENTRY -k \
  C:\Users\lucas\AppData\Local\Temp\xcAsve4.o \
  dist/default/production\teste.X.production.o 

Object code version is 3.11

Machine type is 16F628A



                Name                               Link     Load   Length Selector   Space Scale
C:\Users\lucas\AppData\Local\Temp\xcAsve4.o
                end_init                              A        A        1        8       0
                reset_vec                             0        0        1        0       0
                config                             2007     2007        1        0       4
dist/default/production\teste.X.production.o
                cinit                                 B        B        5        8       0
                intentry                              4        4        6        8       0
                config                             2007     2007        1        0       4
                text2                                A7       A7       1A        8       0
                text1                                81       81       26        8       0
                maintext                             10       10       71        8       0
                cstackBANK0                          20       20        3       20       1
                cstackCOMMON                         70       70        A       70       1
                bssBANK0                             23       23        1       20       1

TOTAL           Name                               Link     Load   Length     Space
        CLASS   CODE           
                end_init                              A        A        1         0
                cinit                                 B        B        5         0
                intentry                              4        4        6         0
                reset_vec                             0        0        1         0
                text2                                A7       A7       1A         0
                text1                                81       81       26         0
                maintext                             10       10       71         0

        CLASS   STRCODE        

        CLASS   STRING         

        CLASS   CONST          

        CLASS   ENTRY          

        CLASS   COMMON         
                cstackCOMMON                         70       70        A         1

        CLASS   BANK0          
                cstackBANK0                          20       20        3         1
                bssBANK0                             23       23        1         1

        CLASS   BANK1          

        CLASS   BANK2          

        CLASS   RAM            

        CLASS   ABS1           
                abs_s1                               7E       7E        2         1

        CLASS   SFR0           

        CLASS   SFR1           

        CLASS   SFR2           

        CLASS   SFR3           

        CLASS   CONFIG         
                config                             2007     2007        1         4

        CLASS   IDLOC          

        CLASS   EEDATA         

        CLASS   BANK3          

        CLASS   STACK          



SEGMENTS        Name                           Load    Length   Top    Selector   Space  Class     Delta

                reset_vec                      000000  000001  000001         0       0  CODE        2
                intentry                       000004  0000BD  0000C1         8       0  CODE        2
                cstackBANK0                    000020  000004  000024        20       1  BANK0       1
                cstackCOMMON                   000070  00000A  00007A        70       1  COMMON      1


UNUSED ADDRESS RANGES

        Name                Unused          Largest block    Delta
        BANK0            0024-006F             4C           1
        BANK1            00A0-00EF             50           1
        BANK2            0120-014F             30           1
        CODE             0001-0003              3           2
                         00C1-07FF            73F
        COMMON           007A-007D              4           1
        CONST            0001-0003              3           2
                         00C1-07FF            100
        EEDATA           2100-217F             80           2
        ENTRY            0001-0003              3           2
                         00C1-07FF            100
        IDLOC            2000-2003              4           2
        RAM              0024-006F             4C           1
                         00A0-00EF             50
                         0120-014F             30
        SFR0             0000-001F             20           1
        SFR1             0080-009F             20           1
        SFR2             0100-011F             20           1
        SFR3             0180-01EF             70           1
        STRCODE          0001-0003              3           2
                         00C1-07FF            73F
        STRING           0001-0003              3           2
                         00C1-07FF            100

                                  Symbol Table

_INTCON                  (abs)        000B
_ISR                     text2        00A7
_OPTION_REG              (abs)        0081
_PORTA                   (abs)        0005
_PORTB                   (abs)        0006
_RA0                     (abs)        0028
_TMR0                    (abs)        0001
_TRISA                   (abs)        0085
_TRISB                   (abs)        0086
__Habs1                  abs1         0000
__Hbank0                 bank0        0000
__Hbank1                 bank1        0000
__Hbank2                 bank2        0000
__Hbank3                 bank3        0000
__HbssBANK0              bssBANK0     0000
__Hcinit                 cinit        0010
__Hclrtext               clrtext      0000
__Hcode                  code         0000
__Hcommon                common       0000
__Hconfig                config       2008
__HcstackBANK0           cstackBANK0  0000
__HcstackCOMMON          cstackCOMMON 0000
__Heeprom_data           eeprom_data  0000
__Hend_init              end_init     000B
__Hfunctab               functab      0000
__Hinit                  init         000A
__Hintentry              intentry     000A
__Hmaintext              maintext     0000
__Hpowerup               powerup      0000
__Hram                   ram          0000
__Hreset_vec             reset_vec    0001
__Hsfr0                  sfr0         0000
__Hsfr1                  sfr1         0000
__Hsfr2                  sfr2         0000
__Hsfr3                  sfr3         0000
__Hspace_0               (abs)        00C1
__Hspace_1               (abs)        007A
__Hspace_2               (abs)        0000
__Hspace_3               (abs)        0000
__Hspace_4               (abs)        400F
__Hstack                 stack        0000
__Hstrings               strings      0000
__Htext                  text         0000
__Labs1                  abs1         0000
__Lbank0                 bank0        0000
__Lbank1                 bank1        0000
__Lbank2                 bank2        0000
__Lbank3                 bank3        0000
__LbssBANK0              bssBANK0     0000
__Lcinit                 cinit        000B
__Lclrtext               clrtext      0000
__Lcode                  code         0000
__Lcommon                common       0000
__Lconfig                config       0000
__LcstackBANK0           cstackBANK0  0000
__LcstackCOMMON          cstackCOMMON 0000
__Leeprom_data           eeprom_data  0000
__Lend_init              end_init     000A
__Lfunctab               functab      0000
__Linit                  init         000A
__Lintentry              intentry     0004
__Lmaintext              maintext     0000
__Lpowerup               powerup      0000
__Lram                   ram          0000
__Lreset_vec             reset_vec    0000
__Lsfr0                  sfr0         0000
__Lsfr1                  sfr1         0000
__Lsfr2                  sfr2         0000
__Lsfr3                  sfr3         0000
__Lspace_0               (abs)        0000
__Lspace_1               (abs)        0000
__Lspace_2               (abs)        0000
__Lspace_3               (abs)        0000
__Lspace_4               (abs)        0000
__Lstack                 stack        0000
__Lstrings               strings      0000
__Ltext                  text         0000
__S0                     (abs)        00C1
__S1                     (abs)        007A
__S3                     (abs)        0000
___int_sp                stack        0000
___latbits               (abs)        0000
___sp                    stack        0000
___stackhi               (abs)        0000
___stacklo               (abs)        0000
__end_of_ISR             text2        00C1
__end_of__initialization cinit        000E
__end_of_debounce        text1        00A7
__end_of_main            maintext     0081
__initialization         cinit        000B
__pbssBANK0              bssBANK0     0023
__pcstackBANK0           cstackBANK0  0020
__pcstackCOMMON          cstackCOMMON 0070
__pintentry              intentry     0004
__pmaintext              maintext     0010
__ptext1                 text1        0081
__ptext2                 text2        00A7
_contagens               bssBANK0     0023
_debounce                text1        0081
_main                    maintext     0010
btemp                    (abs)        007E
debounce@BOUNCE          cstackCOMMON 0074
debounce@count           cstackCOMMON 0076
debounce@key_now         cstackCOMMON 0077
debounce@last_key        cstackCOMMON 0075
end_of_initialization    cinit        000E
interrupt_function       intentry     0004
intlevel0                functab      0000
intlevel1                functab      0000
intlevel2                functab      0000
intlevel3                functab      0000
intlevel4                functab      0000
intlevel5                functab      0000
main@config              cstackBANK0  0021
main@key_now             cstackBANK0  0022
main@last_key            cstackBANK0  0020
reset_vec                reset_vec    0000
saved_w                  (abs)        007E
start                    init         000A
start_initialization     cinit        000B
wtemp0                   (abs)        007E


MODULE INFORMATION

Module		Function		Class		Link	Load	Size
newfile.c
		_debounce      		CODE           	0081	0000	38
		_ISR           		CODE           	00A7	0000	26
		_main          		CODE           	0010	0000	113

newfile.c estimated size: 177

shared
		__initialization		CODE           	000B	0000	3

shared estimated size: 3

